// Vitest Snapshot v1

exports[`Fifth snapshot test > testing BTN component 1`] = `
[
  <button
    data-testid="btnid"
    onClick={[Function]}
  >
    my btn
  </button>,
  <input
    data-testid="inputid"
    onChange={[Function]}
    placeholder="inputplace"
    value="it's false"
  />,
]
`;
